// Jest Snapshot v1, https://goo.gl/fbAQLP

exports[`WeatherFull renders correctly 1`] = `undefined`;
