// Jest Snapshot v1, https://goo.gl/fbAQLP

exports[`WeatherInfo renders correctly 1`] = `undefined`;
