// Jest Snapshot v1, https://goo.gl/fbAQLP

exports[`WeatherShort renders correctly 1`] = `undefined`;
